// Jest Snapshot v1, https://goo.gl/fbAQLP

exports[`check render page Oops 1`] = `
<Fragment>
  <Link
    onClick={[Function]}
    to="/"
  >
    Go to game
  </Link>
  <Link
    onClick={[Function]}
    to="/signup"
  >
    I want to create an account
  </Link>
  some other links
</Fragment>
`;
